<?xml version="1.0"?>
<link_info>
   <banner>TMS320C6x Linker PC v7.4.18</banner>
   <copyright>Copyright (c) 1996-2015 Texas Instruments Incorporated</copyright>
   <link_time>0x5cdac606</link_time>
   <output_file>Scrambler2.out</output_file>
   <entry_point>
      <name>_c_int00</name>
      <address>0x2580</address>
   </entry_point>
   <input_file_list>
      <input_file id="fl-2">
         <path>.\</path>
         <kind>object</kind>
         <file>Scrambler2.obj</file>
         <name>Scrambler2.obj</name>
      </input_file>
      <input_file id="fl-3">
         <path>.\</path>
         <kind>object</kind>
         <file>vectors.obj</file>
         <name>vectors.obj</name>
      </input_file>
      <input_file id="fl-9">
         <path>..\</path>
         <kind>archive</kind>
         <file>csl6713.lib</file>
         <name>csl_irq.obj</name>
      </input_file>
      <input_file id="fl-a">
         <path>..\</path>
         <kind>archive</kind>
         <file>csl6713.lib</file>
         <name>csl_mcbsp.obj</name>
      </input_file>
      <input_file id="fl-b">
         <path>..\</path>
         <kind>archive</kind>
         <file>dsk6713bsl.lib</file>
         <name>dsk6713.obj</name>
      </input_file>
      <input_file id="fl-c">
         <path>..\</path>
         <kind>archive</kind>
         <file>dsk6713bsl.lib</file>
         <name>dsk6713_aic23_opencodec.obj</name>
      </input_file>
      <input_file id="fl-d">
         <path>..\</path>
         <kind>archive</kind>
         <file>dsk6713bsl.lib</file>
         <name>dsk6713_aic23_registers.obj</name>
      </input_file>
      <input_file id="fl-e">
         <path>..\</path>
         <kind>archive</kind>
         <file>dsk6713bsl.lib</file>
         <name>dsk6713_aic23_setfreq.obj</name>
      </input_file>
      <input_file id="fl-f">
         <path>..\</path>
         <kind>archive</kind>
         <file>dsk6713bsl.lib</file>
         <name>dsk6713_dip.obj</name>
      </input_file>
      <input_file id="fl-87">
         <path>C:\ti\ccsv6\tools\compiler\c6000_7.4.18\lib\</path>
         <kind>archive</kind>
         <file>rts6700.lib</file>
         <name>boot.obj</name>
      </input_file>
      <input_file id="fl-88">
         <path>C:\ti\ccsv6\tools\compiler\c6000_7.4.18\lib\</path>
         <kind>archive</kind>
         <file>rts6700.lib</file>
         <name>cos.obj</name>
      </input_file>
      <input_file id="fl-89">
         <path>C:\ti\ccsv6\tools\compiler\c6000_7.4.18\lib\</path>
         <kind>archive</kind>
         <file>rts6700.lib</file>
         <name>exit.obj</name>
      </input_file>
      <input_file id="fl-8a">
         <path>C:\ti\ccsv6\tools\compiler\c6000_7.4.18\lib\</path>
         <kind>archive</kind>
         <file>rts6700.lib</file>
         <name>modf.obj</name>
      </input_file>
      <input_file id="fl-8b">
         <path>C:\ti\ccsv6\tools\compiler\c6000_7.4.18\lib\</path>
         <kind>archive</kind>
         <file>rts6700.lib</file>
         <name>remi.obj</name>
      </input_file>
      <input_file id="fl-8c">
         <path>C:\ti\ccsv6\tools\compiler\c6000_7.4.18\lib\</path>
         <kind>archive</kind>
         <file>rts6700.lib</file>
         <name>round.obj</name>
      </input_file>
      <input_file id="fl-8d">
         <path>C:\ti\ccsv6\tools\compiler\c6000_7.4.18\lib\</path>
         <kind>archive</kind>
         <file>rts6700.lib</file>
         <name>strasg.obj</name>
      </input_file>
      <input_file id="fl-8e">
         <path>C:\ti\ccsv6\tools\compiler\c6000_7.4.18\lib\</path>
         <kind>archive</kind>
         <file>rts6700.lib</file>
         <name>trunc.obj</name>
      </input_file>
      <input_file id="fl-8f">
         <path>C:\ti\ccsv6\tools\compiler\c6000_7.4.18\lib\</path>
         <kind>archive</kind>
         <file>rts6700.lib</file>
         <name>args_main.obj</name>
      </input_file>
      <input_file id="fl-90">
         <path>C:\ti\ccsv6\tools\compiler\c6000_7.4.18\lib\</path>
         <kind>archive</kind>
         <file>rts6700.lib</file>
         <name>autoinit.obj</name>
      </input_file>
      <input_file id="fl-91">
         <path>C:\ti\ccsv6\tools\compiler\c6000_7.4.18\lib\</path>
         <kind>archive</kind>
         <file>rts6700.lib</file>
         <name>cpp_init.obj</name>
      </input_file>
      <input_file id="fl-92">
         <path>C:\ti\ccsv6\tools\compiler\c6000_7.4.18\lib\</path>
         <kind>archive</kind>
         <file>rts6700.lib</file>
         <name>cpy_tbl.obj</name>
      </input_file>
      <input_file id="fl-93">
         <path>C:\ti\ccsv6\tools\compiler\c6000_7.4.18\lib\</path>
         <kind>archive</kind>
         <file>rts6700.lib</file>
         <name>memcpy62.obj</name>
      </input_file>
   </input_file_list>
   <object_component_list>
      <object_component id="oc-16">
         <name>vectors</name>
         <load_address>0x0</load_address>
         <run_address>0x0</run_address>
         <size>0x200</size>
         <input_file_ref idref="fl-3"/>
      </object_component>
      <object_component id="oc-10">
         <name>.cinit</name>
         <load_address>0x31a8</load_address>
         <run_address>0x31a8</run_address>
         <size>0x2fa</size>
         <input_file_ref idref="fl-2"/>
      </object_component>
      <object_component id="oc-1b">
         <name>.cinit</name>
         <load_address>0x34a8</load_address>
         <run_address>0x34a8</run_address>
         <size>0x12c</size>
         <input_file_ref idref="fl-9"/>
      </object_component>
      <object_component id="oc-20">
         <name>.cinit</name>
         <load_address>0x35d8</load_address>
         <run_address>0x35d8</run_address>
         <size>0x54</size>
         <input_file_ref idref="fl-a"/>
      </object_component>
      <object_component id="oc-46">
         <name>.cinit</name>
         <load_address>0x3630</load_address>
         <run_address>0x3630</run_address>
         <size>0x48</size>
         <input_file_ref idref="fl-88"/>
      </object_component>
      <object_component id="oc-32">
         <name>.cinit</name>
         <load_address>0x3678</load_address>
         <run_address>0x3678</run_address>
         <size>0x30</size>
         <input_file_ref idref="fl-d"/>
      </object_component>
      <object_component id="oc-4b">
         <name>.cinit</name>
         <load_address>0x36a8</load_address>
         <run_address>0x36a8</run_address>
         <size>0x2c</size>
         <input_file_ref idref="fl-89"/>
      </object_component>
      <object_component id="oc-38">
         <name>.cinit</name>
         <load_address>0x36d8</load_address>
         <run_address>0x36d8</run_address>
         <size>0x28</size>
         <input_file_ref idref="fl-e"/>
      </object_component>
      <object_component id="oc-25">
         <name>.text</name>
         <load_address>0x200</load_address>
         <run_address>0x200</run_address>
         <size>0x480</size>
         <input_file_ref idref="fl-b"/>
      </object_component>
      <object_component id="oc-71">
         <name>.text</name>
         <load_address>0x680</load_address>
         <run_address>0x680</run_address>
         <size>0x460</size>
         <input_file_ref idref="fl-2"/>
      </object_component>
      <object_component id="oc-12">
         <name>.text:retain</name>
         <load_address>0xae0</load_address>
         <run_address>0xae0</run_address>
         <size>0x360</size>
         <input_file_ref idref="fl-2"/>
      </object_component>
      <object_component id="oc-80">
         <name>.text:_cos</name>
         <load_address>0xe40</load_address>
         <run_address>0xe40</run_address>
         <size>0x340</size>
         <input_file_ref idref="fl-88"/>
      </object_component>
      <object_component id="oc-2b">
         <name>.text</name>
         <load_address>0x1180</load_address>
         <run_address>0x1180</run_address>
         <size>0x300</size>
         <input_file_ref idref="fl-c"/>
      </object_component>
      <object_component id="oc-77">
         <name>.text:_memcpy</name>
         <load_address>0x1480</load_address>
         <run_address>0x1480</run_address>
         <size>0x240</size>
         <input_file_ref idref="fl-93"/>
      </object_component>
      <object_component id="oc-7c">
         <name>.text:_IRQ_map</name>
         <load_address>0x16c0</load_address>
         <run_address>0x16c0</run_address>
         <size>0x1c0</size>
         <input_file_ref idref="fl-9"/>
      </object_component>
      <object_component id="oc-81">
         <name>.text:_MCBSP_reset</name>
         <load_address>0x1880</load_address>
         <run_address>0x1880</run_address>
         <size>0x1a0</size>
         <input_file_ref idref="fl-a"/>
      </object_component>
      <object_component id="oc-31">
         <name>.text</name>
         <load_address>0x1a20</load_address>
         <run_address>0x1a20</run_address>
         <size>0x140</size>
         <input_file_ref idref="fl-d"/>
      </object_component>
      <object_component id="oc-74">
         <name>.text:_MCBSP_open</name>
         <load_address>0x1b60</load_address>
         <run_address>0x1b60</run_address>
         <size>0x100</size>
         <input_file_ref idref="fl-a"/>
      </object_component>
      <object_component id="oc-75">
         <name>.text:_MCBSP_start</name>
         <load_address>0x1c60</load_address>
         <run_address>0x1c60</run_address>
         <size>0x100</size>
         <input_file_ref idref="fl-a"/>
      </object_component>
      <object_component id="oc-6d">
         <name>.text:__auto_init</name>
         <load_address>0x1d60</load_address>
         <run_address>0x1d60</run_address>
         <size>0x100</size>
         <input_file_ref idref="fl-90"/>
      </object_component>
      <object_component id="oc-7f">
         <name>.text:__remi</name>
         <load_address>0x1e60</load_address>
         <run_address>0x1e60</run_address>
         <size>0x100</size>
         <input_file_ref idref="fl-8b"/>
      </object_component>
      <object_component id="oc-84">
         <name>.text:__nround</name>
         <load_address>0x1f60</load_address>
         <run_address>0x1f60</run_address>
         <size>0xe0</size>
         <input_file_ref idref="fl-8c"/>
      </object_component>
      <object_component id="oc-73">
         <name>.text:__strasg</name>
         <load_address>0x2040</load_address>
         <run_address>0x2040</run_address>
         <size>0xe0</size>
         <input_file_ref idref="fl-8d"/>
      </object_component>
      <object_component id="oc-6f">
         <name>.text:_exit</name>
         <load_address>0x2120</load_address>
         <run_address>0x2120</run_address>
         <size>0xe0</size>
         <input_file_ref idref="fl-89"/>
      </object_component>
      <object_component id="oc-85">
         <name>.text:_modf</name>
         <load_address>0x2200</load_address>
         <run_address>0x2200</run_address>
         <size>0xe0</size>
         <input_file_ref idref="fl-8a"/>
      </object_component>
      <object_component id="oc-76">
         <name>.text:_copy_in</name>
         <load_address>0x22e0</load_address>
         <run_address>0x22e0</run_address>
         <size>0xc0</size>
         <input_file_ref idref="fl-92"/>
      </object_component>
      <object_component id="oc-37">
         <name>.text</name>
         <load_address>0x23a0</load_address>
         <run_address>0x23a0</run_address>
         <size>0xc0</size>
         <input_file_ref idref="fl-e"/>
      </object_component>
      <object_component id="oc-82">
         <name>.text:_setMux</name>
         <load_address>0x2460</load_address>
         <run_address>0x2460</run_address>
         <size>0xa0</size>
         <input_file_ref idref="fl-9"/>
      </object_component>
      <object_component id="oc-78">
         <name>.text:___TI_cpp_init</name>
         <load_address>0x2500</load_address>
         <run_address>0x2500</run_address>
         <size>0x80</size>
         <input_file_ref idref="fl-91"/>
      </object_component>
      <object_component id="oc-e">
         <name>.text:_c_int00</name>
         <load_address>0x2580</load_address>
         <run_address>0x2580</run_address>
         <size>0x80</size>
         <input_file_ref idref="fl-87"/>
      </object_component>
      <object_component id="oc-3d">
         <name>.text</name>
         <load_address>0x2600</load_address>
         <run_address>0x2600</run_address>
         <size>0x80</size>
         <input_file_ref idref="fl-f"/>
      </object_component>
      <object_component id="oc-7d">
         <name>.text:_IRQ_enable</name>
         <load_address>0x2680</load_address>
         <run_address>0x2680</run_address>
         <size>0x40</size>
         <input_file_ref idref="fl-9"/>
      </object_component>
      <object_component id="oc-6e">
         <name>.text:__args_main</name>
         <load_address>0x26c0</load_address>
         <run_address>0x26c0</run_address>
         <size>0x40</size>
         <input_file_ref idref="fl-8f"/>
      </object_component>
      <object_component id="oc-83">
         <name>.text:__trunc</name>
         <load_address>0x2700</load_address>
         <run_address>0x2700</run_address>
         <size>0x40</size>
         <input_file_ref idref="fl-8e"/>
      </object_component>
      <object_component id="oc-7a">
         <name>.text:_IRQ_globalDisable</name>
         <load_address>0x2740</load_address>
         <run_address>0x2740</run_address>
         <size>0x20</size>
         <input_file_ref idref="fl-9"/>
      </object_component>
      <object_component id="oc-7e">
         <name>.text:_IRQ_globalEnable</name>
         <load_address>0x2760</load_address>
         <run_address>0x2760</run_address>
         <size>0x20</size>
         <input_file_ref idref="fl-9"/>
      </object_component>
      <object_component id="oc-7b">
         <name>.text:_IRQ_nmiEnable</name>
         <load_address>0x2780</load_address>
         <run_address>0x2780</run_address>
         <size>0x20</size>
         <input_file_ref idref="fl-9"/>
      </object_component>
      <object_component id="oc-70">
         <name>.text:_MCBSP_read</name>
         <load_address>0x27a0</load_address>
         <run_address>0x27a0</run_address>
         <size>0x20</size>
         <input_file_ref idref="fl-a"/>
      </object_component>
      <object_component id="oc-72">
         <name>.text:_MCBSP_write</name>
         <load_address>0x27c0</load_address>
         <run_address>0x27c0</run_address>
         <size>0x20</size>
         <input_file_ref idref="fl-a"/>
      </object_component>
      <object_component id="oc-79">
         <name>.text:_abort</name>
         <load_address>0x27e0</load_address>
         <run_address>0x27e0</run_address>
         <size>0x20</size>
         <input_file_ref idref="fl-89"/>
      </object_component>
      <object_component id="oc-1a">
         <name>.text</name>
         <load_address>0x2800</load_address>
         <run_address>0x2800</run_address>
         <size>0x20</size>
         <input_file_ref idref="fl-9"/>
      </object_component>
      <object_component id="oc-42">
         <name>.stack</name>
         <uninitialized>true</uninitialized>
         <run_address>0x3708</run_address>
         <size>0x8</size>
         <input_file_ref idref="fl-87"/>
      </object_component>
      <object_component id="oc-9b">
         <name>.stack</name>
         <uninitialized>true</uninitialized>
         <run_address>0x3708</run_address>
         <size>0x0</size>
      </object_component>
      <object_component id="oc-2d">
         <name>.const</name>
         <load_address>0x3b08</load_address>
         <run_address>0x3b08</run_address>
         <size>0x40</size>
         <input_file_ref idref="fl-c"/>
      </object_component>
      <object_component id="oc-27">
         <name>.const</name>
         <load_address>0x3b48</load_address>
         <run_address>0x3b48</run_address>
         <size>0x20</size>
         <input_file_ref idref="fl-b"/>
      </object_component>
      <object_component id="oc-11">
         <name>.far</name>
         <uninitialized>true</uninitialized>
         <run_address>0x2820</run_address>
         <size>0x7bc</size>
         <input_file_ref idref="fl-2"/>
      </object_component>
      <object_component id="oc-1c">
         <name>.far</name>
         <uninitialized>true</uninitialized>
         <run_address>0x2fdc</run_address>
         <size>0xf4</size>
         <input_file_ref idref="fl-9"/>
      </object_component>
      <object_component id="oc-21">
         <name>.far</name>
         <uninitialized>true</uninitialized>
         <run_address>0x3110</run_address>
         <size>0x38</size>
         <input_file_ref idref="fl-a"/>
      </object_component>
      <object_component id="oc-26">
         <name>.far</name>
         <uninitialized>true</uninitialized>
         <run_address>0x31a4</run_address>
         <size>0x2</size>
         <input_file_ref idref="fl-b"/>
      </object_component>
      <object_component id="oc-2c">
         <name>.far</name>
         <uninitialized>true</uninitialized>
         <run_address>0x319c</run_address>
         <size>0x8</size>
         <input_file_ref idref="fl-c"/>
      </object_component>
      <object_component id="oc-33">
         <name>.far</name>
         <uninitialized>true</uninitialized>
         <run_address>0x3148</run_address>
         <size>0x28</size>
         <input_file_ref idref="fl-d"/>
      </object_component>
      <object_component id="oc-39">
         <name>.far</name>
         <uninitialized>true</uninitialized>
         <run_address>0x3170</run_address>
         <size>0x20</size>
         <input_file_ref idref="fl-e"/>
      </object_component>
      <object_component id="oc-47">
         <name>.far</name>
         <uninitialized>true</uninitialized>
         <run_address>0x30d0</run_address>
         <size>0x40</size>
         <input_file_ref idref="fl-88"/>
      </object_component>
      <object_component id="oc-4c">
         <name>.far</name>
         <uninitialized>true</uninitialized>
         <run_address>0x3190</run_address>
         <size>0xc</size>
         <input_file_ref idref="fl-89"/>
      </object_component>
      <object_component id="oc-f">
         <name>.debug_info</name>
         <load_address>0x0</load_address>
         <run_address>0x0</run_address>
         <size>0x1028</size>
         <input_file_ref idref="fl-2"/>
      </object_component>
      <object_component id="oc-17">
         <name>.debug_info</name>
         <load_address>0x1028</load_address>
         <run_address>0x1028</run_address>
         <size>0xac</size>
         <input_file_ref idref="fl-3"/>
      </object_component>
      <object_component id="oc-1e">
         <name>.debug_info</name>
         <load_address>0x10d4</load_address>
         <run_address>0x10d4</run_address>
         <size>0xc2b</size>
         <input_file_ref idref="fl-9"/>
      </object_component>
      <object_component id="oc-23">
         <name>.debug_info</name>
         <load_address>0x1cff</load_address>
         <run_address>0x1cff</run_address>
         <size>0xc15</size>
         <input_file_ref idref="fl-a"/>
      </object_component>
      <object_component id="oc-29">
         <name>.debug_info</name>
         <load_address>0x2914</load_address>
         <run_address>0x2914</run_address>
         <size>0x8a7</size>
         <input_file_ref idref="fl-b"/>
      </object_component>
      <object_component id="oc-2f">
         <name>.debug_info</name>
         <load_address>0x31bb</load_address>
         <run_address>0x31bb</run_address>
         <size>0x89f</size>
         <input_file_ref idref="fl-c"/>
      </object_component>
      <object_component id="oc-35">
         <name>.debug_info</name>
         <load_address>0x3a5a</load_address>
         <run_address>0x3a5a</run_address>
         <size>0x929</size>
         <input_file_ref idref="fl-d"/>
      </object_component>
      <object_component id="oc-3b">
         <name>.debug_info</name>
         <load_address>0x4383</load_address>
         <run_address>0x4383</run_address>
         <size>0x5b3</size>
         <input_file_ref idref="fl-e"/>
      </object_component>
      <object_component id="oc-3f">
         <name>.debug_info</name>
         <load_address>0x4936</load_address>
         <run_address>0x4936</run_address>
         <size>0x4c3</size>
         <input_file_ref idref="fl-f"/>
      </object_component>
      <object_component id="oc-41">
         <name>.debug_info</name>
         <load_address>0x4df9</load_address>
         <run_address>0x4df9</run_address>
         <size>0x70b</size>
         <input_file_ref idref="fl-87"/>
      </object_component>
      <object_component id="oc-45">
         <name>.debug_info</name>
         <load_address>0x5504</load_address>
         <run_address>0x5504</run_address>
         <size>0x711</size>
         <input_file_ref idref="fl-88"/>
      </object_component>
      <object_component id="oc-4a">
         <name>.debug_info</name>
         <load_address>0x5c15</load_address>
         <run_address>0x5c15</run_address>
         <size>0x7f9</size>
         <input_file_ref idref="fl-89"/>
      </object_component>
      <object_component id="oc-4f">
         <name>.debug_info</name>
         <load_address>0x640e</load_address>
         <run_address>0x640e</run_address>
         <size>0x680</size>
         <input_file_ref idref="fl-8a"/>
      </object_component>
      <object_component id="oc-52">
         <name>.debug_info</name>
         <load_address>0x6a8e</load_address>
         <run_address>0x6a8e</run_address>
         <size>0xd0</size>
         <input_file_ref idref="fl-8b"/>
      </object_component>
      <object_component id="oc-55">
         <name>.debug_info</name>
         <load_address>0x6b5e</load_address>
         <run_address>0x6b5e</run_address>
         <size>0x659</size>
         <input_file_ref idref="fl-8c"/>
      </object_component>
      <object_component id="oc-58">
         <name>.debug_info</name>
         <load_address>0x71b7</load_address>
         <run_address>0x71b7</run_address>
         <size>0xd6</size>
         <input_file_ref idref="fl-8d"/>
      </object_component>
      <object_component id="oc-5b">
         <name>.debug_info</name>
         <load_address>0x728d</load_address>
         <run_address>0x728d</run_address>
         <size>0x651</size>
         <input_file_ref idref="fl-8e"/>
      </object_component>
      <object_component id="oc-5e">
         <name>.debug_info</name>
         <load_address>0x78de</load_address>
         <run_address>0x78de</run_address>
         <size>0x6e1</size>
         <input_file_ref idref="fl-8f"/>
      </object_component>
      <object_component id="oc-61">
         <name>.debug_info</name>
         <load_address>0x7fbf</load_address>
         <run_address>0x7fbf</run_address>
         <size>0x86b</size>
         <input_file_ref idref="fl-90"/>
      </object_component>
      <object_component id="oc-64">
         <name>.debug_info</name>
         <load_address>0x882a</load_address>
         <run_address>0x882a</run_address>
         <size>0x6e3</size>
         <input_file_ref idref="fl-91"/>
      </object_component>
      <object_component id="oc-67">
         <name>.debug_info</name>
         <load_address>0x8f0d</load_address>
         <run_address>0x8f0d</run_address>
         <size>0x7d9</size>
         <input_file_ref idref="fl-92"/>
      </object_component>
      <object_component id="oc-6a">
         <name>.debug_info</name>
         <load_address>0x96e6</load_address>
         <run_address>0x96e6</run_address>
         <size>0x786</size>
         <input_file_ref idref="fl-93"/>
      </object_component>
      <object_component id="oc-9c">
         <name>.debug_info</name>
         <load_address>0x9e6c</load_address>
         <run_address>0x9e6c</run_address>
         <size>0x6e</size>
      </object_component>
      <object_component id="oc-13">
         <name>.debug_frame</name>
         <load_address>0x0</load_address>
         <run_address>0x0</run_address>
         <size>0x330</size>
         <input_file_ref idref="fl-2"/>
      </object_component>
      <object_component id="oc-14">
         <name>.debug_line</name>
         <load_address>0x0</load_address>
         <run_address>0x0</run_address>
         <size>0x10f</size>
         <input_file_ref idref="fl-2"/>
      </object_component>
      <object_component id="oc-18">
         <name>.debug_line</name>
         <load_address>0x10f</load_address>
         <run_address>0x10f</run_address>
         <size>0xb9</size>
         <input_file_ref idref="fl-3"/>
      </object_component>
      <object_component id="oc-1f">
         <name>.debug_line</name>
         <load_address>0x1c8</load_address>
         <run_address>0x1c8</run_address>
         <size>0xf4</size>
         <input_file_ref idref="fl-9"/>
      </object_component>
      <object_component id="oc-24">
         <name>.debug_line</name>
         <load_address>0x2bc</load_address>
         <run_address>0x2bc</run_address>
         <size>0xe9</size>
         <input_file_ref idref="fl-a"/>
      </object_component>
      <object_component id="oc-2a">
         <name>.debug_line</name>
         <load_address>0x3a5</load_address>
         <run_address>0x3a5</run_address>
         <size>0xb2</size>
         <input_file_ref idref="fl-b"/>
      </object_component>
      <object_component id="oc-30">
         <name>.debug_line</name>
         <load_address>0x457</load_address>
         <run_address>0x457</run_address>
         <size>0x4f</size>
         <input_file_ref idref="fl-c"/>
      </object_component>
      <object_component id="oc-36">
         <name>.debug_line</name>
         <load_address>0x4a6</load_address>
         <run_address>0x4a6</run_address>
         <size>0x7e</size>
         <input_file_ref idref="fl-d"/>
      </object_component>
      <object_component id="oc-3c">
         <name>.debug_line</name>
         <load_address>0x524</load_address>
         <run_address>0x524</run_address>
         <size>0x52</size>
         <input_file_ref idref="fl-e"/>
      </object_component>
      <object_component id="oc-40">
         <name>.debug_line</name>
         <load_address>0x576</load_address>
         <run_address>0x576</run_address>
         <size>0x51</size>
         <input_file_ref idref="fl-f"/>
      </object_component>
      <object_component id="oc-43">
         <name>.debug_line</name>
         <load_address>0x5c7</load_address>
         <run_address>0x5c7</run_address>
         <size>0x3d</size>
         <input_file_ref idref="fl-87"/>
      </object_component>
      <object_component id="oc-48">
         <name>.debug_line</name>
         <load_address>0x604</load_address>
         <run_address>0x604</run_address>
         <size>0x54</size>
         <input_file_ref idref="fl-88"/>
      </object_component>
      <object_component id="oc-4d">
         <name>.debug_line</name>
         <load_address>0x658</load_address>
         <run_address>0x658</run_address>
         <size>0x4f</size>
         <input_file_ref idref="fl-89"/>
      </object_component>
      <object_component id="oc-50">
         <name>.debug_line</name>
         <load_address>0x6a7</load_address>
         <run_address>0x6a7</run_address>
         <size>0x37</size>
         <input_file_ref idref="fl-8a"/>
      </object_component>
      <object_component id="oc-53">
         <name>.debug_line</name>
         <load_address>0x6de</load_address>
         <run_address>0x6de</run_address>
         <size>0x43</size>
         <input_file_ref idref="fl-8b"/>
      </object_component>
      <object_component id="oc-56">
         <name>.debug_line</name>
         <load_address>0x721</load_address>
         <run_address>0x721</run_address>
         <size>0x38</size>
         <input_file_ref idref="fl-8c"/>
      </object_component>
      <object_component id="oc-59">
         <name>.debug_line</name>
         <load_address>0x759</load_address>
         <run_address>0x759</run_address>
         <size>0x48</size>
         <input_file_ref idref="fl-8d"/>
      </object_component>
      <object_component id="oc-5c">
         <name>.debug_line</name>
         <load_address>0x7a1</load_address>
         <run_address>0x7a1</run_address>
         <size>0x38</size>
         <input_file_ref idref="fl-8e"/>
      </object_component>
      <object_component id="oc-5f">
         <name>.debug_line</name>
         <load_address>0x7d9</load_address>
         <run_address>0x7d9</run_address>
         <size>0x41</size>
         <input_file_ref idref="fl-8f"/>
      </object_component>
      <object_component id="oc-62">
         <name>.debug_line</name>
         <load_address>0x81a</load_address>
         <run_address>0x81a</run_address>
         <size>0x47</size>
         <input_file_ref idref="fl-90"/>
      </object_component>
      <object_component id="oc-65">
         <name>.debug_line</name>
         <load_address>0x861</load_address>
         <run_address>0x861</run_address>
         <size>0x45</size>
         <input_file_ref idref="fl-91"/>
      </object_component>
      <object_component id="oc-68">
         <name>.debug_line</name>
         <load_address>0x8a6</load_address>
         <run_address>0x8a6</run_address>
         <size>0x44</size>
         <input_file_ref idref="fl-92"/>
      </object_component>
      <object_component id="oc-6b">
         <name>.debug_line</name>
         <load_address>0x8ea</load_address>
         <run_address>0x8ea</run_address>
         <size>0x4e</size>
         <input_file_ref idref="fl-93"/>
      </object_component>
      <object_component id="oc-15">
         <name>.debug_abbrev</name>
         <load_address>0x0</load_address>
         <run_address>0x0</run_address>
         <size>0x1c1</size>
         <input_file_ref idref="fl-2"/>
      </object_component>
      <object_component id="oc-19">
         <name>.debug_abbrev</name>
         <load_address>0x1c1</load_address>
         <run_address>0x1c1</run_address>
         <size>0x21</size>
         <input_file_ref idref="fl-3"/>
      </object_component>
      <object_component id="oc-1d">
         <name>.debug_abbrev</name>
         <load_address>0x1e2</load_address>
         <run_address>0x1e2</run_address>
         <size>0x1b7</size>
         <input_file_ref idref="fl-9"/>
      </object_component>
      <object_component id="oc-22">
         <name>.debug_abbrev</name>
         <load_address>0x399</load_address>
         <run_address>0x399</run_address>
         <size>0x1a3</size>
         <input_file_ref idref="fl-a"/>
      </object_component>
      <object_component id="oc-28">
         <name>.debug_abbrev</name>
         <load_address>0x53c</load_address>
         <run_address>0x53c</run_address>
         <size>0x196</size>
         <input_file_ref idref="fl-b"/>
      </object_component>
      <object_component id="oc-2e">
         <name>.debug_abbrev</name>
         <load_address>0x6d2</load_address>
         <run_address>0x6d2</run_address>
         <size>0x126</size>
         <input_file_ref idref="fl-c"/>
      </object_component>
      <object_component id="oc-34">
         <name>.debug_abbrev</name>
         <load_address>0x7f8</load_address>
         <run_address>0x7f8</run_address>
         <size>0x14e</size>
         <input_file_ref idref="fl-d"/>
      </object_component>
      <object_component id="oc-3a">
         <name>.debug_abbrev</name>
         <load_address>0x946</load_address>
         <run_address>0x946</run_address>
         <size>0xf1</size>
         <input_file_ref idref="fl-e"/>
      </object_component>
      <object_component id="oc-3e">
         <name>.debug_abbrev</name>
         <load_address>0xa37</load_address>
         <run_address>0xa37</run_address>
         <size>0xcf</size>
         <input_file_ref idref="fl-f"/>
      </object_component>
      <object_component id="oc-44">
         <name>.debug_abbrev</name>
         <load_address>0xb06</load_address>
         <run_address>0xb06</run_address>
         <size>0xfe</size>
         <input_file_ref idref="fl-87"/>
      </object_component>
      <object_component id="oc-49">
         <name>.debug_abbrev</name>
         <load_address>0xc04</load_address>
         <run_address>0xc04</run_address>
         <size>0xcc</size>
         <input_file_ref idref="fl-88"/>
      </object_component>
      <object_component id="oc-4e">
         <name>.debug_abbrev</name>
         <load_address>0xcd0</load_address>
         <run_address>0xcd0</run_address>
         <size>0x119</size>
         <input_file_ref idref="fl-89"/>
      </object_component>
      <object_component id="oc-51">
         <name>.debug_abbrev</name>
         <load_address>0xde9</load_address>
         <run_address>0xde9</run_address>
         <size>0xa1</size>
         <input_file_ref idref="fl-8a"/>
      </object_component>
      <object_component id="oc-54">
         <name>.debug_abbrev</name>
         <load_address>0xe8a</load_address>
         <run_address>0xe8a</run_address>
         <size>0x3b</size>
         <input_file_ref idref="fl-8b"/>
      </object_component>
      <object_component id="oc-57">
         <name>.debug_abbrev</name>
         <load_address>0xec5</load_address>
         <run_address>0xec5</run_address>
         <size>0xaf</size>
         <input_file_ref idref="fl-8c"/>
      </object_component>
      <object_component id="oc-5a">
         <name>.debug_abbrev</name>
         <load_address>0xf74</load_address>
         <run_address>0xf74</run_address>
         <size>0x3b</size>
         <input_file_ref idref="fl-8d"/>
      </object_component>
      <object_component id="oc-5d">
         <name>.debug_abbrev</name>
         <load_address>0xfaf</load_address>
         <run_address>0xfaf</run_address>
         <size>0xaf</size>
         <input_file_ref idref="fl-8e"/>
      </object_component>
      <object_component id="oc-60">
         <name>.debug_abbrev</name>
         <load_address>0x105e</load_address>
         <run_address>0x105e</run_address>
         <size>0xe1</size>
         <input_file_ref idref="fl-8f"/>
      </object_component>
      <object_component id="oc-63">
         <name>.debug_abbrev</name>
         <load_address>0x113f</load_address>
         <run_address>0x113f</run_address>
         <size>0x13f</size>
         <input_file_ref idref="fl-90"/>
      </object_component>
      <object_component id="oc-66">
         <name>.debug_abbrev</name>
         <load_address>0x127e</load_address>
         <run_address>0x127e</run_address>
         <size>0xdd</size>
         <input_file_ref idref="fl-91"/>
      </object_component>
      <object_component id="oc-69">
         <name>.debug_abbrev</name>
         <load_address>0x135b</load_address>
         <run_address>0x135b</run_address>
         <size>0x10c</size>
         <input_file_ref idref="fl-92"/>
      </object_component>
      <object_component id="oc-6c">
         <name>.debug_abbrev</name>
         <load_address>0x1467</load_address>
         <run_address>0x1467</run_address>
         <size>0xd5</size>
         <input_file_ref idref="fl-93"/>
      </object_component>
      <object_component id="oc-9d">
         <name>.debug_abbrev</name>
         <load_address>0x153c</load_address>
         <run_address>0x153c</run_address>
         <size>0xd</size>
      </object_component>
   </object_component_list>
   <logical_group_list>
      <logical_group id="lg-2">
         <name>vectors</name>
         <load_address>0x0</load_address>
         <run_address>0x0</run_address>
         <size>0x200</size>
         <contents>
            <object_component_ref idref="oc-16"/>
         </contents>
      </logical_group>
      <logical_group id="lg-3">
         <name>.cinit</name>
         <load_address>0x31a8</load_address>
         <run_address>0x31a8</run_address>
         <size>0x55c</size>
         <contents>
            <object_component_ref idref="oc-10"/>
            <object_component_ref idref="oc-1b"/>
            <object_component_ref idref="oc-20"/>
            <object_component_ref idref="oc-46"/>
            <object_component_ref idref="oc-32"/>
            <object_component_ref idref="oc-4b"/>
            <object_component_ref idref="oc-38"/>
         </contents>
      </logical_group>
      <logical_group id="lg-4">
         <name>.text</name>
         <load_address>0x200</load_address>
         <run_address>0x200</run_address>
         <size>0x2620</size>
         <contents>
            <object_component_ref idref="oc-25"/>
            <object_component_ref idref="oc-71"/>
            <object_component_ref idref="oc-12"/>
            <object_component_ref idref="oc-80"/>
            <object_component_ref idref="oc-2b"/>
            <object_component_ref idref="oc-77"/>
            <object_component_ref idref="oc-7c"/>
            <object_component_ref idref="oc-81"/>
            <object_component_ref idref="oc-31"/>
            <object_component_ref idref="oc-74"/>
            <object_component_ref idref="oc-75"/>
            <object_component_ref idref="oc-6d"/>
            <object_component_ref idref="oc-7f"/>
            <object_component_ref idref="oc-84"/>
            <object_component_ref idref="oc-73"/>
            <object_component_ref idref="oc-6f"/>
            <object_component_ref idref="oc-85"/>
            <object_component_ref idref="oc-76"/>
            <object_component_ref idref="oc-37"/>
            <object_component_ref idref="oc-82"/>
            <object_component_ref idref="oc-78"/>
            <object_component_ref idref="oc-e"/>
            <object_component_ref idref="oc-3d"/>
            <object_component_ref idref="oc-7d"/>
            <object_component_ref idref="oc-6e"/>
            <object_component_ref idref="oc-83"/>
            <object_component_ref idref="oc-7a"/>
            <object_component_ref idref="oc-7e"/>
            <object_component_ref idref="oc-7b"/>
            <object_component_ref idref="oc-70"/>
            <object_component_ref idref="oc-72"/>
            <object_component_ref idref="oc-79"/>
            <object_component_ref idref="oc-1a"/>
         </contents>
      </logical_group>
      <logical_group id="lg-5">
         <name>.stack</name>
         <run_address>0x3708</run_address>
         <size>0x400</size>
         <contents>
            <object_component_ref idref="oc-42"/>
            <object_component_ref idref="oc-9b"/>
         </contents>
      </logical_group>
      <logical_group id="lg-6">
         <name>.bss</name>
         <run_address>0x200</run_address>
         <size>0x0</size>
         <contents>
         </contents>
      </logical_group>
      <logical_group id="lg-7">
         <name>.const</name>
         <load_address>0x3b08</load_address>
         <run_address>0x3b08</run_address>
         <size>0x60</size>
         <contents>
            <object_component_ref idref="oc-2d"/>
            <object_component_ref idref="oc-27"/>
         </contents>
      </logical_group>
      <logical_group id="lg-8">
         <name>.data</name>
         <run_address>0x200</run_address>
         <size>0x0</size>
         <contents>
         </contents>
      </logical_group>
      <logical_group id="lg-9">
         <name>.far</name>
         <run_address>0x2820</run_address>
         <size>0x986</size>
         <contents>
            <object_component_ref idref="oc-11"/>
            <object_component_ref idref="oc-1c"/>
            <object_component_ref idref="oc-21"/>
            <object_component_ref idref="oc-26"/>
            <object_component_ref idref="oc-2c"/>
            <object_component_ref idref="oc-33"/>
            <object_component_ref idref="oc-39"/>
            <object_component_ref idref="oc-47"/>
            <object_component_ref idref="oc-4c"/>
         </contents>
      </logical_group>
      <logical_group id="lg-a">
         <name>.switch</name>
         <run_address>0x0</run_address>
         <size>0x0</size>
         <contents>
         </contents>
      </logical_group>
      <logical_group id="lg-b">
         <name>.sysmem</name>
         <run_address>0x0</run_address>
         <size>0x0</size>
         <contents>
         </contents>
      </logical_group>
      <logical_group id="lg-c">
         <name>.tables</name>
         <run_address>0x0</run_address>
         <size>0x0</size>
         <contents>
         </contents>
      </logical_group>
      <logical_group id="lg-d">
         <name>.cio</name>
         <run_address>0x0</run_address>
         <size>0x0</size>
         <contents>
         </contents>
      </logical_group>
      <logical_group id="lg-92">
         <name>.debug_info</name>
         <load_address>0x0</load_address>
         <run_address>0x0</run_address>
         <size>0x9eda</size>
         <contents>
            <object_component_ref idref="oc-f"/>
            <object_component_ref idref="oc-17"/>
            <object_component_ref idref="oc-1e"/>
            <object_component_ref idref="oc-23"/>
            <object_component_ref idref="oc-29"/>
            <object_component_ref idref="oc-2f"/>
            <object_component_ref idref="oc-35"/>
            <object_component_ref idref="oc-3b"/>
            <object_component_ref idref="oc-3f"/>
            <object_component_ref idref="oc-41"/>
            <object_component_ref idref="oc-45"/>
            <object_component_ref idref="oc-4a"/>
            <object_component_ref idref="oc-4f"/>
            <object_component_ref idref="oc-52"/>
            <object_component_ref idref="oc-55"/>
            <object_component_ref idref="oc-58"/>
            <object_component_ref idref="oc-5b"/>
            <object_component_ref idref="oc-5e"/>
            <object_component_ref idref="oc-61"/>
            <object_component_ref idref="oc-64"/>
            <object_component_ref idref="oc-67"/>
            <object_component_ref idref="oc-6a"/>
            <object_component_ref idref="oc-9c"/>
         </contents>
      </logical_group>
      <logical_group id="lg-94">
         <name>.debug_frame</name>
         <load_address>0x0</load_address>
         <run_address>0x0</run_address>
         <size>0x330</size>
         <contents>
            <object_component_ref idref="oc-13"/>
         </contents>
      </logical_group>
      <logical_group id="lg-96">
         <name>.debug_line</name>
         <load_address>0x0</load_address>
         <run_address>0x0</run_address>
         <size>0x938</size>
         <contents>
            <object_component_ref idref="oc-14"/>
            <object_component_ref idref="oc-18"/>
            <object_component_ref idref="oc-1f"/>
            <object_component_ref idref="oc-24"/>
            <object_component_ref idref="oc-2a"/>
            <object_component_ref idref="oc-30"/>
            <object_component_ref idref="oc-36"/>
            <object_component_ref idref="oc-3c"/>
            <object_component_ref idref="oc-40"/>
            <object_component_ref idref="oc-43"/>
            <object_component_ref idref="oc-48"/>
            <object_component_ref idref="oc-4d"/>
            <object_component_ref idref="oc-50"/>
            <object_component_ref idref="oc-53"/>
            <object_component_ref idref="oc-56"/>
            <object_component_ref idref="oc-59"/>
            <object_component_ref idref="oc-5c"/>
            <object_component_ref idref="oc-5f"/>
            <object_component_ref idref="oc-62"/>
            <object_component_ref idref="oc-65"/>
            <object_component_ref idref="oc-68"/>
            <object_component_ref idref="oc-6b"/>
         </contents>
      </logical_group>
      <logical_group id="lg-98">
         <name>.debug_abbrev</name>
         <load_address>0x0</load_address>
         <run_address>0x0</run_address>
         <size>0x1549</size>
         <contents>
            <object_component_ref idref="oc-15"/>
            <object_component_ref idref="oc-19"/>
            <object_component_ref idref="oc-1d"/>
            <object_component_ref idref="oc-22"/>
            <object_component_ref idref="oc-28"/>
            <object_component_ref idref="oc-2e"/>
            <object_component_ref idref="oc-34"/>
            <object_component_ref idref="oc-3a"/>
            <object_component_ref idref="oc-3e"/>
            <object_component_ref idref="oc-44"/>
            <object_component_ref idref="oc-49"/>
            <object_component_ref idref="oc-4e"/>
            <object_component_ref idref="oc-51"/>
            <object_component_ref idref="oc-54"/>
            <object_component_ref idref="oc-57"/>
            <object_component_ref idref="oc-5a"/>
            <object_component_ref idref="oc-5d"/>
            <object_component_ref idref="oc-60"/>
            <object_component_ref idref="oc-63"/>
            <object_component_ref idref="oc-66"/>
            <object_component_ref idref="oc-69"/>
            <object_component_ref idref="oc-6c"/>
            <object_component_ref idref="oc-9d"/>
         </contents>
      </logical_group>
   </logical_group_list>
   <placement_map>
      <memory_area>
         <name>vecs</name>
         <page_id>0x0</page_id>
         <origin>0x0</origin>
         <length>0x200</length>
         <used_space>0x200</used_space>
         <unused_space>0x0</unused_space>
         <attributes>RWIX</attributes>
         <usage_details>
            <allocated_space>
               <start_address>0x0</start_address>
               <size>0x200</size>
               <logical_group_ref idref="lg-2"/>
            </allocated_space>
         </usage_details>
      </memory_area>
      <memory_area>
         <name>IRAM</name>
         <page_id>0x0</page_id>
         <origin>0x200</origin>
         <length>0xfe00</length>
         <used_space>0x3962</used_space>
         <unused_space>0xc49e</unused_space>
         <attributes>RWIX</attributes>
         <usage_details>
            <allocated_space>
               <start_address>0x200</start_address>
               <size>0x0</size>
               <logical_group_ref idref="lg-6"/>
            </allocated_space>
            <allocated_space>
               <start_address>0x200</start_address>
               <size>0x0</size>
               <logical_group_ref idref="lg-8"/>
            </allocated_space>
            <allocated_space>
               <start_address>0x200</start_address>
               <size>0x2620</size>
               <logical_group_ref idref="lg-4"/>
            </allocated_space>
            <allocated_space>
               <start_address>0x2820</start_address>
               <size>0x986</size>
               <logical_group_ref idref="lg-9"/>
            </allocated_space>
            <available_space>
               <start_address>0x31a6</start_address>
               <size>0x2</size>
            </available_space>
            <allocated_space>
               <start_address>0x31a8</start_address>
               <size>0x55c</size>
               <logical_group_ref idref="lg-3"/>
            </allocated_space>
            <available_space>
               <start_address>0x3704</start_address>
               <size>0x4</size>
            </available_space>
            <allocated_space>
               <start_address>0x3708</start_address>
               <size>0x400</size>
               <logical_group_ref idref="lg-5"/>
            </allocated_space>
            <allocated_space>
               <start_address>0x3b08</start_address>
               <size>0x60</size>
               <logical_group_ref idref="lg-7"/>
            </allocated_space>
            <available_space>
               <start_address>0x3b68</start_address>
               <size>0xc498</size>
            </available_space>
         </usage_details>
      </memory_area>
      <memory_area>
         <name>CE0</name>
         <page_id>0x0</page_id>
         <origin>0x80000000</origin>
         <length>0x1000000</length>
         <used_space>0x0</used_space>
         <unused_space>0x1000000</unused_space>
         <attributes>RWIX</attributes>
         <usage_details>
         </usage_details>
      </memory_area>
   </placement_map>
   <symbol_table>
      <symbol id="sm-0">
         <name>cinit</name>
         <value>0x31a8</value>
      </symbol>
      <symbol id="sm-1">
         <name>___cinit__</name>
         <value>0x31a8</value>
      </symbol>
      <symbol id="sm-2">
         <name>pinit</name>
         <value>0xffffffff</value>
      </symbol>
      <symbol id="sm-3">
         <name>___pinit__</name>
         <value>0xffffffff</value>
      </symbol>
      <symbol id="sm-4">
         <name>binit</name>
         <value>0xffffffff</value>
      </symbol>
      <symbol id="sm-5">
         <name>___binit__</name>
         <value>0xffffffff</value>
      </symbol>
      <symbol id="sm-6">
         <name>__STACK_SIZE</name>
         <value>0x400</value>
      </symbol>
      <symbol id="sm-7">
         <name>__STACK_END</name>
         <value>0x3b08</value>
      </symbol>
      <symbol id="sm-8">
         <name>___c_args__</name>
         <value>0xffffffff</value>
      </symbol>
      <symbol id="sm-9">
         <name>.text</name>
         <value>0x200</value>
      </symbol>
      <symbol id="sm-a">
         <name>___text__</name>
         <value>0x200</value>
      </symbol>
      <symbol id="sm-b">
         <name>etext</name>
         <value>0x2820</value>
      </symbol>
      <symbol id="sm-c">
         <name>___etext__</name>
         <value>0x2820</value>
      </symbol>
      <symbol id="sm-d">
         <name>.data</name>
         <value>0x200</value>
      </symbol>
      <symbol id="sm-e">
         <name>___data__</name>
         <value>0x200</value>
      </symbol>
      <symbol id="sm-f">
         <name>edata</name>
         <value>0x200</value>
      </symbol>
      <symbol id="sm-10">
         <name>___edata__</name>
         <value>0x200</value>
      </symbol>
      <symbol id="sm-11">
         <name>.bss</name>
         <value>0x200</value>
      </symbol>
      <symbol id="sm-12">
         <name>___bss__</name>
         <value>0x200</value>
      </symbol>
      <symbol id="sm-13">
         <name>end</name>
         <value>0x200</value>
      </symbol>
      <symbol id="sm-14">
         <name>___end__</name>
         <value>0x200</value>
      </symbol>
      <symbol id="sm-15">
         <name>___TI_pprof_out_hndl</name>
         <value>0xffffffff</value>
      </symbol>
      <symbol id="sm-16">
         <name>___TI_prof_data_start</name>
         <value>0xffffffff</value>
      </symbol>
      <symbol id="sm-17">
         <name>___TI_prof_data_size</name>
         <value>0xffffffff</value>
      </symbol>
      <symbol id="sm-18">
         <name>$bss</name>
         <value>0x200</value>
      </symbol>
      <symbol id="sm-73">
         <name>_serialPortRcvISR</name>
         <value>0xae0</value>
         <object_component_ref idref="oc-12"/>
      </symbol>
      <symbol id="sm-74">
         <name>_main</name>
         <value>0x680</value>
         <object_component_ref idref="oc-71"/>
      </symbol>
      <symbol id="sm-75">
         <name>_buff3</name>
         <value>0x2d28</value>
         <object_component_ref idref="oc-11"/>
      </symbol>
      <symbol id="sm-76">
         <name>_buff2</name>
         <value>0x2be8</value>
         <object_component_ref idref="oc-11"/>
      </symbol>
      <symbol id="sm-77">
         <name>_buff4</name>
         <value>0x2e68</value>
         <object_component_ref idref="oc-11"/>
      </symbol>
      <symbol id="sm-78">
         <name>_gain</name>
         <value>0x2a9e</value>
         <object_component_ref idref="oc-11"/>
      </symbol>
      <symbol id="sm-79">
         <name>_sine160</name>
         <value>0x2820</value>
         <object_component_ref idref="oc-11"/>
      </symbol>
      <symbol id="sm-7a">
         <name>_mod1</name>
         <value>0xa40</value>
         <object_component_ref idref="oc-71"/>
      </symbol>
      <symbol id="sm-7b">
         <name>_config</name>
         <value>0x2fb0</value>
         <object_component_ref idref="oc-11"/>
      </symbol>
      <symbol id="sm-7c">
         <name>_hCodec</name>
         <value>0x2fac</value>
         <object_component_ref idref="oc-11"/>
      </symbol>
      <symbol id="sm-7d">
         <name>_mod</name>
         <value>0x9a8</value>
         <object_component_ref idref="oc-71"/>
      </symbol>
      <symbol id="sm-7e">
         <name>_temp</name>
         <value>0x2aa4</value>
         <object_component_ref idref="oc-11"/>
      </symbol>
      <symbol id="sm-7f">
         <name>_buff</name>
         <value>0x2aa8</value>
         <object_component_ref idref="oc-11"/>
      </symbol>
      <symbol id="sm-80">
         <name>_shift</name>
         <value>0x2fa8</value>
         <object_component_ref idref="oc-11"/>
      </symbol>
      <symbol id="sm-81">
         <name>_myfilter</name>
         <value>0x864</value>
         <object_component_ref idref="oc-71"/>
      </symbol>
      <symbol id="sm-82">
         <name>_h</name>
         <value>0x2960</value>
         <object_component_ref idref="oc-11"/>
      </symbol>
      <symbol id="sm-83">
         <name>_input</name>
         <value>0x2aa0</value>
         <object_component_ref idref="oc-11"/>
      </symbol>
      <symbol id="sm-b4">
         <name>__IRQ_eventTable</name>
         <value>0x3004</value>
         <object_component_ref idref="oc-1c"/>
      </symbol>
      <symbol id="sm-b5">
         <name>_IRQ_nmiEnable</name>
         <value>0x2780</value>
         <object_component_ref idref="oc-7b"/>
      </symbol>
      <symbol id="sm-b6">
         <name>__IRQ_intTable</name>
         <value>0x3088</value>
         <object_component_ref idref="oc-1c"/>
      </symbol>
      <symbol id="sm-b7">
         <name>_IRQ_globalEnable</name>
         <value>0x2760</value>
         <object_component_ref idref="oc-7e"/>
      </symbol>
      <symbol id="sm-b8">
         <name>_IRQ_globalDisable</name>
         <value>0x2740</value>
         <object_component_ref idref="oc-7a"/>
      </symbol>
      <symbol id="sm-b9">
         <name>_IRQ_map</name>
         <value>0x16c0</value>
         <object_component_ref idref="oc-7c"/>
      </symbol>
      <symbol id="sm-ba">
         <name>_IRQ_enable</name>
         <value>0x2680</value>
         <object_component_ref idref="oc-7d"/>
      </symbol>
      <symbol id="sm-bb">
         <name>__IRQ_dispatchTable</name>
         <value>0x30c8</value>
         <object_component_ref idref="oc-1c"/>
      </symbol>
      <symbol id="sm-bc">
         <name>__IRQ_hookFetchPacket</name>
         <value>0x2800</value>
         <object_component_ref idref="oc-1a"/>
      </symbol>
      <symbol id="sm-d2">
         <name>_MCBSP_reset</name>
         <value>0x1880</value>
         <object_component_ref idref="oc-81"/>
      </symbol>
      <symbol id="sm-d3">
         <name>_MCBSP_read</name>
         <value>0x27a0</value>
         <object_component_ref idref="oc-70"/>
      </symbol>
      <symbol id="sm-d4">
         <name>_MCBSP_open</name>
         <value>0x1b60</value>
         <object_component_ref idref="oc-74"/>
      </symbol>
      <symbol id="sm-d5">
         <name>__MCBSP_hDev0</name>
         <value>0x3140</value>
         <object_component_ref idref="oc-21"/>
      </symbol>
      <symbol id="sm-d6">
         <name>__MCBSP_hDev1</name>
         <value>0x3144</value>
         <object_component_ref idref="oc-21"/>
      </symbol>
      <symbol id="sm-d7">
         <name>_MCBSP_start</name>
         <value>0x1c60</value>
         <object_component_ref idref="oc-75"/>
      </symbol>
      <symbol id="sm-d8">
         <name>_MCBSP_write</name>
         <value>0x27c0</value>
         <object_component_ref idref="oc-72"/>
      </symbol>
      <symbol id="sm-e6">
         <name>_DSK6713_init</name>
         <value>0x24c</value>
         <object_component_ref idref="oc-25"/>
      </symbol>
      <symbol id="sm-e7">
         <name>_DSK6713_version</name>
         <value>0x31a4</value>
         <object_component_ref idref="oc-26"/>
      </symbol>
      <symbol id="sm-e8">
         <name>_DSK6713_rget</name>
         <value>0x568</value>
         <object_component_ref idref="oc-25"/>
      </symbol>
      <symbol id="sm-e9">
         <name>_DSK6713_wait</name>
         <value>0x590</value>
         <object_component_ref idref="oc-25"/>
      </symbol>
      <symbol id="sm-ea">
         <name>_DSK6713_rset</name>
         <value>0x57c</value>
         <object_component_ref idref="oc-25"/>
      </symbol>
      <symbol id="sm-eb">
         <name>_DSK6713_waitusec</name>
         <value>0x5e8</value>
         <object_component_ref idref="oc-25"/>
      </symbol>
      <symbol id="sm-ec">
         <name>_DSK6713_getVersion</name>
         <value>0x614</value>
         <object_component_ref idref="oc-25"/>
      </symbol>
      <symbol id="sm-fa">
         <name>_DSK6713_AIC23_codeccontrolhandle</name>
         <value>0x319c</value>
         <object_component_ref idref="oc-2c"/>
      </symbol>
      <symbol id="sm-fb">
         <name>_DSK6713_AIC23_codecdatahandle</name>
         <value>0x31a0</value>
         <object_component_ref idref="oc-2c"/>
      </symbol>
      <symbol id="sm-fc">
         <name>_DSK6713_AIC23_openCodec</name>
         <value>0x1180</value>
         <object_component_ref idref="oc-2b"/>
      </symbol>
      <symbol id="sm-10a">
         <name>_DSK6713_AIC23_config</name>
         <value>0x1ae0</value>
         <object_component_ref idref="oc-31"/>
      </symbol>
      <symbol id="sm-10b">
         <name>_DSK6713_AIC23_rget</name>
         <value>0x1ab8</value>
         <object_component_ref idref="oc-31"/>
      </symbol>
      <symbol id="sm-10c">
         <name>_DSK6713_AIC23_rset</name>
         <value>0x1a20</value>
         <object_component_ref idref="oc-31"/>
      </symbol>
      <symbol id="sm-11a">
         <name>_DSK6713_AIC23_setFreq</name>
         <value>0x23a0</value>
         <object_component_ref idref="oc-37"/>
      </symbol>
      <symbol id="sm-124">
         <name>_DSK6713_DIP_init</name>
         <value>0x2600</value>
         <object_component_ref idref="oc-3d"/>
      </symbol>
      <symbol id="sm-125">
         <name>_DSK6713_DIP_get</name>
         <value>0x2608</value>
         <object_component_ref idref="oc-3d"/>
      </symbol>
      <symbol id="sm-131">
         <name>_c_int00</name>
         <value>0x2580</value>
         <object_component_ref idref="oc-e"/>
      </symbol>
      <symbol id="sm-132">
         <name>__stack</name>
         <value>0x3708</value>
         <object_component_ref idref="oc-42"/>
      </symbol>
      <symbol id="sm-140">
         <name>_cos</name>
         <value>0xe40</value>
         <object_component_ref idref="oc-80"/>
      </symbol>
      <symbol id="sm-150">
         <name>C$$EXIT</name>
         <value>0x27e0</value>
         <object_component_ref idref="oc-79"/>
      </symbol>
      <symbol id="sm-151">
         <name>_exit</name>
         <value>0x2120</value>
         <object_component_ref idref="oc-6f"/>
      </symbol>
      <symbol id="sm-152">
         <name>___TI_enable_exit_profile_output</name>
         <value>0x3198</value>
         <object_component_ref idref="oc-4c"/>
      </symbol>
      <symbol id="sm-153">
         <name>_abort</name>
         <value>0x27e0</value>
         <object_component_ref idref="oc-79"/>
      </symbol>
      <symbol id="sm-154">
         <name>__cleanup_ptr</name>
         <value>0x3190</value>
         <object_component_ref idref="oc-4c"/>
      </symbol>
      <symbol id="sm-155">
         <name>__dtors_ptr</name>
         <value>0x3194</value>
         <object_component_ref idref="oc-4c"/>
      </symbol>
      <symbol id="sm-15f">
         <name>_modf</name>
         <value>0x2200</value>
         <object_component_ref idref="oc-85"/>
      </symbol>
      <symbol id="sm-167">
         <name>__remi</name>
         <value>0x1e60</value>
         <object_component_ref idref="oc-7f"/>
      </symbol>
      <symbol id="sm-168">
         <name>__c6xabi_remi</name>
         <value>0x1e60</value>
         <object_component_ref idref="oc-7f"/>
      </symbol>
      <symbol id="sm-172">
         <name>__nround</name>
         <value>0x1f60</value>
         <object_component_ref idref="oc-84"/>
      </symbol>
      <symbol id="sm-17a">
         <name>__strasg</name>
         <value>0x2040</value>
         <object_component_ref idref="oc-73"/>
      </symbol>
      <symbol id="sm-184">
         <name>__trunc</name>
         <value>0x2700</value>
         <object_component_ref idref="oc-83"/>
      </symbol>
      <symbol id="sm-18e">
         <name>__args_main</name>
         <value>0x26c0</value>
         <object_component_ref idref="oc-6e"/>
      </symbol>
      <symbol id="sm-18f">
         <name>__TI_args_main</name>
         <value>0x1</value>
      </symbol>
      <symbol id="sm-199">
         <name>__auto_init</name>
         <value>0x1d60</value>
         <object_component_ref idref="oc-6d"/>
      </symbol>
      <symbol id="sm-1a3">
         <name>___TI_cpp_init</name>
         <value>0x2500</value>
         <object_component_ref idref="oc-78"/>
      </symbol>
      <symbol id="sm-1ad">
         <name>_copy_in</name>
         <value>0x22e0</value>
         <object_component_ref idref="oc-76"/>
      </symbol>
      <symbol id="sm-1b7">
         <name>_memcpy</name>
         <value>0x1480</value>
         <object_component_ref idref="oc-77"/>
      </symbol>
   </symbol_table>
</link_info>
