******************************************************************************
               TMS320C6x Linker PC v7.4.18                     
******************************************************************************
>> Linked Tue May 14 06:43:34 2019

OUTPUT FILE NAME:   <Scrambler2.out>
ENTRY POINT SYMBOL: "_c_int00"  address: 00002580


MEMORY CONFIGURATION

         name            origin    length      used     unused   attr    fill
----------------------  --------  ---------  --------  --------  ----  --------
  vecs                  00000000   00000200  00000200  00000000  RWIX
  IRAM                  00000200   0000fe00  00003962  0000c49e  RWIX
  CE0                   80000000   01000000  00000000  01000000  RWIX


SECTION ALLOCATION MAP

 output                                  attributes/
section   page    origin      length       input sections
--------  ----  ----------  ----------   ----------------
vectors    0    00000000    00000200     
                  00000000    00000200     vectors.obj (vectors)

.bss       0    00000200    00000000     UNINITIALIZED

.data      0    00000200    00000000     UNINITIALIZED

.text      0    00000200    00002620     
                  00000200    00000480     dsk6713bsl.lib : dsk6713.obj (.text)
                  00000680    00000460     Scrambler2.obj (.text)
                  00000ae0    00000360     Scrambler2.obj (.text:retain)
                  00000e40    00000340     rts6700.lib : cos.obj (.text:_cos)
                  00001180    00000300     dsk6713bsl.lib : dsk6713_aic23_opencodec.obj (.text)
                  00001480    00000240     rts6700.lib : memcpy62.obj (.text:_memcpy)
                  000016c0    000001c0     csl6713.lib : csl_irq.obj (.text:_IRQ_map)
                  00001880    000001a0                 : csl_mcbsp.obj (.text:_MCBSP_reset)
                  00001a20    00000140     dsk6713bsl.lib : dsk6713_aic23_registers.obj (.text)
                  00001b60    00000100     csl6713.lib : csl_mcbsp.obj (.text:_MCBSP_open)
                  00001c60    00000100                 : csl_mcbsp.obj (.text:_MCBSP_start)
                  00001d60    00000100     rts6700.lib : autoinit.obj (.text:__auto_init)
                  00001e60    00000100                 : remi.obj (.text:__remi)
                  00001f60    000000e0                 : round.obj (.text:__nround)
                  00002040    000000e0                 : strasg.obj (.text:__strasg)
                  00002120    000000e0                 : exit.obj (.text:_exit)
                  00002200    000000e0                 : modf.obj (.text:_modf)
                  000022e0    000000c0                 : cpy_tbl.obj (.text:_copy_in)
                  000023a0    000000c0     dsk6713bsl.lib : dsk6713_aic23_setfreq.obj (.text)
                  00002460    000000a0     csl6713.lib : csl_irq.obj (.text:_setMux)
                  00002500    00000080     rts6700.lib : cpp_init.obj (.text:___TI_cpp_init)
                  00002580    00000080                 : boot.obj (.text:_c_int00)
                  00002600    00000080     dsk6713bsl.lib : dsk6713_dip.obj (.text)
                  00002680    00000040     csl6713.lib : csl_irq.obj (.text:_IRQ_enable)
                  000026c0    00000040     rts6700.lib : args_main.obj (.text:__args_main)
                  00002700    00000040                 : trunc.obj (.text:__trunc)
                  00002740    00000020     csl6713.lib : csl_irq.obj (.text:_IRQ_globalDisable)
                  00002760    00000020                 : csl_irq.obj (.text:_IRQ_globalEnable)
                  00002780    00000020                 : csl_irq.obj (.text:_IRQ_nmiEnable)
                  000027a0    00000020                 : csl_mcbsp.obj (.text:_MCBSP_read)
                  000027c0    00000020                 : csl_mcbsp.obj (.text:_MCBSP_write)
                  000027e0    00000020     rts6700.lib : exit.obj (.text:_abort)
                  00002800    00000020     csl6713.lib : csl_irq.obj (.text)

.far       0    00002820    00000986     UNINITIALIZED
                  00002820    000007bc     Scrambler2.obj (.far)
                  00002fdc    000000f4     csl6713.lib : csl_irq.obj (.far)
                  000030d0    00000040     rts6700.lib : cos.obj (.far)
                  00003110    00000038     csl6713.lib : csl_mcbsp.obj (.far)
                  00003148    00000028     dsk6713bsl.lib : dsk6713_aic23_registers.obj (.far)
                  00003170    00000020                    : dsk6713_aic23_setfreq.obj (.far)
                  00003190    0000000c     rts6700.lib : exit.obj (.far)
                  0000319c    00000008     dsk6713bsl.lib : dsk6713_aic23_opencodec.obj (.far)
                  000031a4    00000002                    : dsk6713.obj (.far)

.cinit     0    000031a8    0000055c     
                  000031a8    000002fa     Scrambler2.obj (.cinit)
                  000034a2    00000006     --HOLE-- [fill = 0]
                  000034a8    0000012c     csl6713.lib : csl_irq.obj (.cinit)
                  000035d4    00000004     --HOLE-- [fill = 0]
                  000035d8    00000054                 : csl_mcbsp.obj (.cinit)
                  0000362c    00000004     --HOLE-- [fill = 0]
                  00003630    00000048     rts6700.lib : cos.obj (.cinit)
                  00003678    00000030     dsk6713bsl.lib : dsk6713_aic23_registers.obj (.cinit)
                  000036a8    0000002c     rts6700.lib : exit.obj (.cinit)
                  000036d4    00000004     --HOLE-- [fill = 0]
                  000036d8    00000028     dsk6713bsl.lib : dsk6713_aic23_setfreq.obj (.cinit)
                  00003700    00000004     --HOLE-- [fill = 0]

.stack     0    00003708    00000400     UNINITIALIZED
                  00003708    00000008     rts6700.lib : boot.obj (.stack)
                  00003710    000003f8     --HOLE--

.const     0    00003b08    00000060     
                  00003b08    00000040     dsk6713bsl.lib : dsk6713_aic23_opencodec.obj (.const)
                  00003b48    00000020                    : dsk6713.obj (.const)


GLOBAL SYMBOLS: SORTED ALPHABETICALLY BY Name 

address    name
--------   ----
00000200   $bss
00000200   .bss
00000200   .data
00000200   .text
000027e0   C$$EXIT
0000319c   _DSK6713_AIC23_codeccontrolhandle
000031a0   _DSK6713_AIC23_codecdatahandle
00001ae0   _DSK6713_AIC23_config
00001180   _DSK6713_AIC23_openCodec
00001ab8   _DSK6713_AIC23_rget
00001a20   _DSK6713_AIC23_rset
000023a0   _DSK6713_AIC23_setFreq
00002608   _DSK6713_DIP_get
00002600   _DSK6713_DIP_init
00000614   _DSK6713_getVersion
0000024c   _DSK6713_init
00000568   _DSK6713_rget
0000057c   _DSK6713_rset
000031a4   _DSK6713_version
00000590   _DSK6713_wait
000005e8   _DSK6713_waitusec
00002680   _IRQ_enable
00002740   _IRQ_globalDisable
00002760   _IRQ_globalEnable
000016c0   _IRQ_map
00002780   _IRQ_nmiEnable
00001b60   _MCBSP_open
000027a0   _MCBSP_read
00001880   _MCBSP_reset
00001c60   _MCBSP_start
000027c0   _MCBSP_write
000030c8   __IRQ_dispatchTable
00003004   __IRQ_eventTable
00002800   __IRQ_hookFetchPacket
00003088   __IRQ_intTable
00003140   __MCBSP_hDev0
00003144   __MCBSP_hDev1
00003b08   __STACK_END
00000400   __STACK_SIZE
00000001   __TI_args_main
00002500   ___TI_cpp_init
00003198   ___TI_enable_exit_profile_output
ffffffff   ___TI_pprof_out_hndl
ffffffff   ___TI_prof_data_size
ffffffff   ___TI_prof_data_start
ffffffff   ___binit__
00000200   ___bss__
ffffffff   ___c_args__
000031a8   ___cinit__
00000200   ___data__
00000200   ___edata__
00000200   ___end__
00002820   ___etext__
ffffffff   ___pinit__
00000200   ___text__
000026c0   __args_main
00001d60   __auto_init
00001e60   __c6xabi_remi
00003190   __cleanup_ptr
00003194   __dtors_ptr
00001f60   __nround
00001e60   __remi
00003708   __stack
00002040   __strasg
00002700   __trunc
000027e0   _abort
00002aa8   _buff
00002be8   _buff2
00002d28   _buff3
00002e68   _buff4
00002580   _c_int00
00002fb0   _config
000022e0   _copy_in
00000e40   _cos
00002120   _exit
00002a9e   _gain
00002960   _h
00002fac   _hCodec
00002aa0   _input
00000680   _main
00001480   _memcpy
000009a8   _mod
00000a40   _mod1
00002200   _modf
00000864   _myfilter
00000ae0   _serialPortRcvISR
00002fa8   _shift
00002820   _sine160
00002aa4   _temp
ffffffff   binit
000031a8   cinit
00000200   edata
00000200   end
00002820   etext
ffffffff   pinit


GLOBAL SYMBOLS: SORTED BY Symbol Address 

address    name
--------   ----
00000001   __TI_args_main
00000200   $bss
00000200   .bss
00000200   .data
00000200   .text
00000200   ___bss__
00000200   ___data__
00000200   ___edata__
00000200   ___end__
00000200   ___text__
00000200   edata
00000200   end
0000024c   _DSK6713_init
00000400   __STACK_SIZE
00000568   _DSK6713_rget
0000057c   _DSK6713_rset
00000590   _DSK6713_wait
000005e8   _DSK6713_waitusec
00000614   _DSK6713_getVersion
00000680   _main
00000864   _myfilter
000009a8   _mod
00000a40   _mod1
00000ae0   _serialPortRcvISR
00000e40   _cos
00001180   _DSK6713_AIC23_openCodec
00001480   _memcpy
000016c0   _IRQ_map
00001880   _MCBSP_reset
00001a20   _DSK6713_AIC23_rset
00001ab8   _DSK6713_AIC23_rget
00001ae0   _DSK6713_AIC23_config
00001b60   _MCBSP_open
00001c60   _MCBSP_start
00001d60   __auto_init
00001e60   __c6xabi_remi
00001e60   __remi
00001f60   __nround
00002040   __strasg
00002120   _exit
00002200   _modf
000022e0   _copy_in
000023a0   _DSK6713_AIC23_setFreq
00002500   ___TI_cpp_init
00002580   _c_int00
00002600   _DSK6713_DIP_init
00002608   _DSK6713_DIP_get
00002680   _IRQ_enable
000026c0   __args_main
00002700   __trunc
00002740   _IRQ_globalDisable
00002760   _IRQ_globalEnable
00002780   _IRQ_nmiEnable
000027a0   _MCBSP_read
000027c0   _MCBSP_write
000027e0   C$$EXIT
000027e0   _abort
00002800   __IRQ_hookFetchPacket
00002820   ___etext__
00002820   _sine160
00002820   etext
00002960   _h
00002a9e   _gain
00002aa0   _input
00002aa4   _temp
00002aa8   _buff
00002be8   _buff2
00002d28   _buff3
00002e68   _buff4
00002fa8   _shift
00002fac   _hCodec
00002fb0   _config
00003004   __IRQ_eventTable
00003088   __IRQ_intTable
000030c8   __IRQ_dispatchTable
00003140   __MCBSP_hDev0
00003144   __MCBSP_hDev1
00003190   __cleanup_ptr
00003194   __dtors_ptr
00003198   ___TI_enable_exit_profile_output
0000319c   _DSK6713_AIC23_codeccontrolhandle
000031a0   _DSK6713_AIC23_codecdatahandle
000031a4   _DSK6713_version
000031a8   ___cinit__
000031a8   cinit
00003708   __stack
00003b08   __STACK_END
ffffffff   ___TI_pprof_out_hndl
ffffffff   ___TI_prof_data_size
ffffffff   ___TI_prof_data_start
ffffffff   ___binit__
ffffffff   ___c_args__
ffffffff   ___pinit__
ffffffff   binit
ffffffff   pinit

[95 symbols]
