******************************************************************************
               TMS320C6x Linker PC v7.4.18                     
******************************************************************************
>> Linked Tue May 07 06:19:46 2019

OUTPUT FILE NAME:   <Copy of Echo_Fading.out>
ENTRY POINT SYMBOL: "_c_int00"  address: 00001b40


MEMORY CONFIGURATION

         name            origin    length      used     unused   attr    fill
----------------------  --------  ---------  --------  --------  ----  --------
  vecs                  00000000   00000200  00000200  00000000  RWIX
  IRAM                  00000200   0000fe00  0000332e  0000cad2  RWIX
  CE0                   80000000   01000000  00000000  01000000  RWIX


SECTION ALLOCATION MAP

 output                                  attributes/
section   page    origin      length       input sections
--------  ----  ----------  ----------   ----------------
vectors    0    00000000    00000200     
                  00000000    00000200     vectors.obj (vectors)

.bss       0    00000200    00000000     UNINITIALIZED

.data      0    00000200    00000000     UNINITIALIZED

.text      0    00000200    00001b20     
                  00000200    00000480     dsk6713bsl.lib : dsk6713.obj (.text)
                  00000680    00000300                    : dsk6713_aic23_opencodec.obj (.text)
                  00000980    00000240     rts6700.lib : memcpy62.obj (.text:_memcpy)
                  00000bc0    00000220     Echo_Fading.obj (.text:retain)
                  00000de0    000001c0     csl6713.lib : csl_irq.obj (.text:_IRQ_map)
                  00000fa0    000001a0                 : csl_mcbsp.obj (.text:_MCBSP_reset)
                  00001140    00000160     Echo_Fading.obj (.text)
                  000012a0    00000140     dsk6713bsl.lib : dsk6713_aic23_registers.obj (.text)
                  000013e0    00000100     csl6713.lib : csl_mcbsp.obj (.text:_MCBSP_open)
                  000014e0    00000100                 : csl_mcbsp.obj (.text:_MCBSP_start)
                  000015e0    00000100     rts6700.lib : autoinit.obj (.text:__auto_init)
                  000016e0    000000e0                 : strasg.obj (.text:__strasg)
                  000017c0    000000e0                 : exit.obj (.text:_exit)
                  000018a0    000000c0                 : cpy_tbl.obj (.text:_copy_in)
                  00001960    000000c0     dsk6713bsl.lib : dsk6713_aic23_setfreq.obj (.text)
                  00001a20    000000a0     csl6713.lib : csl_irq.obj (.text:_setMux)
                  00001ac0    00000080     rts6700.lib : cpp_init.obj (.text:___TI_cpp_init)
                  00001b40    00000080                 : boot.obj (.text:_c_int00)
                  00001bc0    00000040     csl6713.lib : csl_irq.obj (.text:_IRQ_enable)
                  00001c00    00000040     rts6700.lib : args_main.obj (.text:__args_main)
                  00001c40    00000020     csl6713.lib : csl_irq.obj (.text:_IRQ_globalDisable)
                  00001c60    00000020                 : csl_irq.obj (.text:_IRQ_globalEnable)
                  00001c80    00000020                 : csl_irq.obj (.text:_IRQ_nmiEnable)
                  00001ca0    00000020                 : csl_mcbsp.obj (.text:_MCBSP_read)
                  00001cc0    00000020                 : csl_mcbsp.obj (.text:_MCBSP_write)
                  00001ce0    00000020     rts6700.lib : exit.obj (.text:_abort)
                  00001d00    00000020     csl6713.lib : csl_irq.obj (.text)

.far       0    00001d20    0000115a     UNINITIALIZED
                  00001d20    00000fd0     Echo_Fading.obj (.far)
                  00002cf0    000000f4     csl6713.lib : csl_irq.obj (.far)
                  00002de4    00000038                 : csl_mcbsp.obj (.far)
                  00002e1c    00000028     dsk6713bsl.lib : dsk6713_aic23_registers.obj (.far)
                  00002e44    00000020                    : dsk6713_aic23_setfreq.obj (.far)
                  00002e64    0000000c     rts6700.lib : exit.obj (.far)
                  00002e70    00000008     dsk6713bsl.lib : dsk6713_aic23_opencodec.obj (.far)
                  00002e78    00000002                    : dsk6713.obj (.far)

.stack     0    00002e80    00000400     UNINITIALIZED
                  00002e80    00000008     rts6700.lib : boot.obj (.stack)
                  00002e88    000003f8     --HOLE--

.cinit     0    00003280    00000254     
                  00003280    0000012c     csl6713.lib : csl_irq.obj (.cinit)
                  000033ac    00000004     --HOLE-- [fill = 0]
                  000033b0    00000054                 : csl_mcbsp.obj (.cinit)
                  00003404    00000004     --HOLE-- [fill = 0]
                  00003408    00000040     Echo_Fading.obj (.cinit)
                  00003448    00000030     dsk6713bsl.lib : dsk6713_aic23_registers.obj (.cinit)
                  00003478    0000002c     rts6700.lib : exit.obj (.cinit)
                  000034a4    00000004     --HOLE-- [fill = 0]
                  000034a8    00000028     dsk6713bsl.lib : dsk6713_aic23_setfreq.obj (.cinit)
                  000034d0    00000004     --HOLE-- [fill = 0]

.const     0    000034d4    00000060     
                  000034d4    00000040     dsk6713bsl.lib : dsk6713_aic23_opencodec.obj (.const)
                  00003514    00000020                    : dsk6713.obj (.const)


GLOBAL SYMBOLS: SORTED ALPHABETICALLY BY Name 

address    name
--------   ----
00000200   $bss
00000200   .bss
00000200   .data
00000200   .text
00001ce0   C$$EXIT
00002e70   _DSK6713_AIC23_codeccontrolhandle
00002e74   _DSK6713_AIC23_codecdatahandle
00001360   _DSK6713_AIC23_config
00000680   _DSK6713_AIC23_openCodec
00001338   _DSK6713_AIC23_rget
000012a0   _DSK6713_AIC23_rset
00001960   _DSK6713_AIC23_setFreq
00000614   _DSK6713_getVersion
0000024c   _DSK6713_init
00000568   _DSK6713_rget
0000057c   _DSK6713_rset
00002e78   _DSK6713_version
00000590   _DSK6713_wait
000005e8   _DSK6713_waitusec
00001bc0   _IRQ_enable
00001c40   _IRQ_globalDisable
00001c60   _IRQ_globalEnable
00000de0   _IRQ_map
00001c80   _IRQ_nmiEnable
000013e0   _MCBSP_open
00001ca0   _MCBSP_read
00000fa0   _MCBSP_reset
000014e0   _MCBSP_start
00001cc0   _MCBSP_write
00002ddc   __IRQ_dispatchTable
00002d18   __IRQ_eventTable
00001d00   __IRQ_hookFetchPacket
00002d9c   __IRQ_intTable
00002e14   __MCBSP_hDev0
00002e18   __MCBSP_hDev1
00003280   __STACK_END
00000400   __STACK_SIZE
00000001   __TI_args_main
00001ac0   ___TI_cpp_init
00002e6c   ___TI_enable_exit_profile_output
ffffffff   ___TI_pprof_out_hndl
ffffffff   ___TI_prof_data_size
ffffffff   ___TI_prof_data_start
ffffffff   ___binit__
00000200   ___bss__
ffffffff   ___c_args__
00003280   ___cinit__
00000200   ___data__
00000200   ___edata__
00000200   ___end__
00001d20   ___etext__
ffffffff   ___pinit__
00000200   ___text__
00001c00   __args_main
000015e0   __auto_init
00002e64   __cleanup_ptr
00002e68   __dtors_ptr
00002e80   __stack
000016e0   __strasg
00001ce0   _abort
00001d20   _buffer
00001b40   _c_int00
00002cc8   _config
000018a0   _copy_in
000017c0   _exit
00002cc4   _hCodec
00002cc0   _i
00001140   _main
00000980   _memcpy
00000bc0   _serialPortRcvISR
ffffffff   binit
00003280   cinit
00000200   edata
00000200   end
00001d20   etext
ffffffff   pinit


GLOBAL SYMBOLS: SORTED BY Symbol Address 

address    name
--------   ----
00000001   __TI_args_main
00000200   $bss
00000200   .bss
00000200   .data
00000200   .text
00000200   ___bss__
00000200   ___data__
00000200   ___edata__
00000200   ___end__
00000200   ___text__
00000200   edata
00000200   end
0000024c   _DSK6713_init
00000400   __STACK_SIZE
00000568   _DSK6713_rget
0000057c   _DSK6713_rset
00000590   _DSK6713_wait
000005e8   _DSK6713_waitusec
00000614   _DSK6713_getVersion
00000680   _DSK6713_AIC23_openCodec
00000980   _memcpy
00000bc0   _serialPortRcvISR
00000de0   _IRQ_map
00000fa0   _MCBSP_reset
00001140   _main
000012a0   _DSK6713_AIC23_rset
00001338   _DSK6713_AIC23_rget
00001360   _DSK6713_AIC23_config
000013e0   _MCBSP_open
000014e0   _MCBSP_start
000015e0   __auto_init
000016e0   __strasg
000017c0   _exit
000018a0   _copy_in
00001960   _DSK6713_AIC23_setFreq
00001ac0   ___TI_cpp_init
00001b40   _c_int00
00001bc0   _IRQ_enable
00001c00   __args_main
00001c40   _IRQ_globalDisable
00001c60   _IRQ_globalEnable
00001c80   _IRQ_nmiEnable
00001ca0   _MCBSP_read
00001cc0   _MCBSP_write
00001ce0   C$$EXIT
00001ce0   _abort
00001d00   __IRQ_hookFetchPacket
00001d20   ___etext__
00001d20   _buffer
00001d20   etext
00002cc0   _i
00002cc4   _hCodec
00002cc8   _config
00002d18   __IRQ_eventTable
00002d9c   __IRQ_intTable
00002ddc   __IRQ_dispatchTable
00002e14   __MCBSP_hDev0
00002e18   __MCBSP_hDev1
00002e64   __cleanup_ptr
00002e68   __dtors_ptr
00002e6c   ___TI_enable_exit_profile_output
00002e70   _DSK6713_AIC23_codeccontrolhandle
00002e74   _DSK6713_AIC23_codecdatahandle
00002e78   _DSK6713_version
00002e80   __stack
00003280   __STACK_END
00003280   ___cinit__
00003280   cinit
ffffffff   ___TI_pprof_out_hndl
ffffffff   ___TI_prof_data_size
ffffffff   ___TI_prof_data_start
ffffffff   ___binit__
ffffffff   ___c_args__
ffffffff   ___pinit__
ffffffff   binit
ffffffff   pinit

[76 symbols]
